
SQL> create table abc
  2  (
  3  id number(10),
  4  name varchar2(20)
  5  )
  6  ;

Table created.

SQL> insert into abc values(&id,'&name')
  2  ;
Enter value for id: 1
Enter value for name: sumit
old   1: insert into abc values(&id,'&name')
new   1: insert into abc values(1,'sumit')

1 row created.

SQL> /
Enter value for id: 2
Enter value for name: rita
old   1: insert into abc values(&id,'&name')
new   1: insert into abc values(2,'rita')

1 row created.

SQL> /
Enter value for id: 3
Enter value for name: samir
old   1: insert into abc values(&id,'&name')
new   1: insert into abc values(3,'samir')

1 row created.

SQL> select * from abc
  2  ;

        ID NAME                                                                 
---------- --------------------                                                 
         1 sumit                                                                
         2 rita                                                                 
         3 samir                                                                

SQL> select * from tab
  2  ;

TNAME                          TABTYPE  CLUSTERID                               
------------------------------ ------- ----------                               
STUDENT                        TABLE                                            
PARENTS_CONTACT                TABLE                                            
SALE                           TABLE                                            
PURCHES                        TABLE                                            
P_CONTACT                      VIEW                                             
P_CONTACT_AB                   VIEW                                             
V_RESULT                       VIEW                                             
MATERIALS                      TABLE                                            
MSALE                          TABLE                                            
MARKS                          TABLE                                            
EMPLOYEE                       TABLE                                            

TNAME                          TABTYPE  CLUSTERID                               
------------------------------ ------- ----------                               
MATERIAL                       TABLE                                            
DEPARTMENT                     TABLE                                            
PURCHES1                       TABLE                                            
SALES                          TABLE                                            
ACCOUNT                        TABLE                                            
EMP                            TABLE                                            
ABC                            TABLE                                            

18 rows selected.

SQL> drop table abc
  2  ;

Table dropped.

SQL> select * from abc
  2  ;
select * from abc
              *
ERROR at line 1:
ORA-00942: table or view does not exist 


SQL> exit
